// Jest Snapshot v1, https://goo.gl/fbAQLP

exports[`login page renders the login page 1`] = `
<div
  className="loginForm"
>
  <form>
    <p>
      Login: Log into your Account
    </p>
    <span
      className="nameLabel"
    >
      <div
        className="input-group"
      >
        <label>
          Email or Phone
        </label>
        <input
          name="fullName"
          placeholder="Enter your Email or Phone"
          required={true}
          type="text"
        />
      </div>
    </span>
    <span
      className="contactLabel"
    >
      <div
        className="input-group"
      >
        <label>
          Password
        </label>
        <input
          name="email"
          placeholder="Enter your Password"
          required={true}
          type="text"
        />
      </div>
    </span>
    <span
      className="contactLabel"
    >
      <div
        className="input-group"
      >
        <label>
          Forgot Password?
          <div
            className="signupnow"
          >
            Reset Password
          </div>
        </label>
      </div>
      <div
        className="input-group"
      >
        <label>
          Not a member?
          <div
            className="signupnow"
          >
            Sign Up Now
          </div>
        </label>
      </div>
    </span>
    <button
      type="submit"
    >
      Login
    </button>
  </form>
</div>
`;
